Archive member included to satisfy reference by file (symbol)

/home/mutharasu/Documents/STM/arm_compiler/gcc-arm-none-eabi-10.3-2021.10/bin/../lib/gcc/arm-none-eabi/10.3.1/../../../../arm-none-eabi/lib/thumb/v7e-m+fp/hard/libc_nano.a(lib_a-exit.o)
                              /home/mutharasu/Documents/STM/arm_compiler/gcc-arm-none-eabi-10.3-2021.10/bin/../lib/gcc/arm-none-eabi/10.3.1/../../../../arm-none-eabi/lib/thumb/v7e-m+fp/hard/crt0.o (exit)
/home/mutharasu/Documents/STM/arm_compiler/gcc-arm-none-eabi-10.3-2021.10/bin/../lib/gcc/arm-none-eabi/10.3.1/../../../../arm-none-eabi/lib/thumb/v7e-m+fp/hard/libc_nano.a(lib_a-impure.o)
                              /home/mutharasu/Documents/STM/arm_compiler/gcc-arm-none-eabi-10.3-2021.10/bin/../lib/gcc/arm-none-eabi/10.3.1/../../../../arm-none-eabi/lib/thumb/v7e-m+fp/hard/libc_nano.a(lib_a-exit.o) (_global_impure_ptr)
/home/mutharasu/Documents/STM/arm_compiler/gcc-arm-none-eabi-10.3-2021.10/bin/../lib/gcc/arm-none-eabi/10.3.1/../../../../arm-none-eabi/lib/thumb/v7e-m+fp/hard/libc_nano.a(lib_a-init.o)
                              /home/mutharasu/Documents/STM/arm_compiler/gcc-arm-none-eabi-10.3-2021.10/bin/../lib/gcc/arm-none-eabi/10.3.1/../../../../arm-none-eabi/lib/thumb/v7e-m+fp/hard/crt0.o (__libc_init_array)
/home/mutharasu/Documents/STM/arm_compiler/gcc-arm-none-eabi-10.3-2021.10/bin/../lib/gcc/arm-none-eabi/10.3.1/../../../../arm-none-eabi/lib/thumb/v7e-m+fp/hard/libc_nano.a(lib_a-memset.o)
                              /home/mutharasu/Documents/STM/arm_compiler/gcc-arm-none-eabi-10.3-2021.10/bin/../lib/gcc/arm-none-eabi/10.3.1/../../../../arm-none-eabi/lib/thumb/v7e-m+fp/hard/crt0.o (memset)
/home/mutharasu/Documents/STM/arm_compiler/gcc-arm-none-eabi-10.3-2021.10/bin/../lib/gcc/arm-none-eabi/10.3.1/../../../../arm-none-eabi/lib/thumb/v7e-m+fp/hard/libnosys.a(_exit.o)
                              /home/mutharasu/Documents/STM/arm_compiler/gcc-arm-none-eabi-10.3-2021.10/bin/../lib/gcc/arm-none-eabi/10.3.1/../../../../arm-none-eabi/lib/thumb/v7e-m+fp/hard/libc_nano.a(lib_a-exit.o) (_exit)

Discarded input sections

 .text          0x0000000000000000        0x0 /home/mutharasu/Documents/STM/arm_compiler/gcc-arm-none-eabi-10.3-2021.10/bin/../lib/gcc/arm-none-eabi/10.3.1/thumb/v7e-m+fp/hard/crti.o
 .data          0x0000000000000000        0x0 /home/mutharasu/Documents/STM/arm_compiler/gcc-arm-none-eabi-10.3-2021.10/bin/../lib/gcc/arm-none-eabi/10.3.1/thumb/v7e-m+fp/hard/crti.o
 .bss           0x0000000000000000        0x0 /home/mutharasu/Documents/STM/arm_compiler/gcc-arm-none-eabi-10.3-2021.10/bin/../lib/gcc/arm-none-eabi/10.3.1/thumb/v7e-m+fp/hard/crti.o
 .data          0x0000000000000000        0x4 /home/mutharasu/Documents/STM/arm_compiler/gcc-arm-none-eabi-10.3-2021.10/bin/../lib/gcc/arm-none-eabi/10.3.1/thumb/v7e-m+fp/hard/crtbegin.o
 .rodata        0x0000000000000000       0x24 /home/mutharasu/Documents/STM/arm_compiler/gcc-arm-none-eabi-10.3-2021.10/bin/../lib/gcc/arm-none-eabi/10.3.1/thumb/v7e-m+fp/hard/crtbegin.o
 .text          0x0000000000000000       0x7c /home/mutharasu/Documents/STM/arm_compiler/gcc-arm-none-eabi-10.3-2021.10/bin/../lib/gcc/arm-none-eabi/10.3.1/../../../../arm-none-eabi/lib/thumb/v7e-m+fp/hard/crt0.o
 .data          0x0000000000000000        0x0 /home/mutharasu/Documents/STM/arm_compiler/gcc-arm-none-eabi-10.3-2021.10/bin/../lib/gcc/arm-none-eabi/10.3.1/../../../../arm-none-eabi/lib/thumb/v7e-m+fp/hard/crt0.o
 .bss           0x0000000000000000        0x0 /home/mutharasu/Documents/STM/arm_compiler/gcc-arm-none-eabi-10.3-2021.10/bin/../lib/gcc/arm-none-eabi/10.3.1/../../../../arm-none-eabi/lib/thumb/v7e-m+fp/hard/crt0.o
 .ARM.extab     0x0000000000000000        0x0 /home/mutharasu/Documents/STM/arm_compiler/gcc-arm-none-eabi-10.3-2021.10/bin/../lib/gcc/arm-none-eabi/10.3.1/../../../../arm-none-eabi/lib/thumb/v7e-m+fp/hard/crt0.o
 .ARM.exidx     0x0000000000000000       0x10 /home/mutharasu/Documents/STM/arm_compiler/gcc-arm-none-eabi-10.3-2021.10/bin/../lib/gcc/arm-none-eabi/10.3.1/../../../../arm-none-eabi/lib/thumb/v7e-m+fp/hard/crt0.o
 .ARM.attributes
                0x0000000000000000       0x1c /home/mutharasu/Documents/STM/arm_compiler/gcc-arm-none-eabi-10.3-2021.10/bin/../lib/gcc/arm-none-eabi/10.3.1/../../../../arm-none-eabi/lib/thumb/v7e-m+fp/hard/crt0.o
 .text          0x0000000000000000        0x0 /home/mutharasu/Documents/STM/arm_compiler/gcc-arm-none-eabi-10.3-2021.10/bin/../lib/gcc/arm-none-eabi/10.3.1/../../../../arm-none-eabi/lib/thumb/v7e-m+fp/hard/libc_nano.a(lib_a-exit.o)
 .data          0x0000000000000000        0x0 /home/mutharasu/Documents/STM/arm_compiler/gcc-arm-none-eabi-10.3-2021.10/bin/../lib/gcc/arm-none-eabi/10.3.1/../../../../arm-none-eabi/lib/thumb/v7e-m+fp/hard/libc_nano.a(lib_a-exit.o)
 .bss           0x0000000000000000        0x0 /home/mutharasu/Documents/STM/arm_compiler/gcc-arm-none-eabi-10.3-2021.10/bin/../lib/gcc/arm-none-eabi/10.3.1/../../../../arm-none-eabi/lib/thumb/v7e-m+fp/hard/libc_nano.a(lib_a-exit.o)
 .text.exit     0x0000000000000000       0x28 /home/mutharasu/Documents/STM/arm_compiler/gcc-arm-none-eabi-10.3-2021.10/bin/../lib/gcc/arm-none-eabi/10.3.1/../../../../arm-none-eabi/lib/thumb/v7e-m+fp/hard/libc_nano.a(lib_a-exit.o)
 .debug_frame   0x0000000000000000       0x28 /home/mutharasu/Documents/STM/arm_compiler/gcc-arm-none-eabi-10.3-2021.10/bin/../lib/gcc/arm-none-eabi/10.3.1/../../../../arm-none-eabi/lib/thumb/v7e-m+fp/hard/libc_nano.a(lib_a-exit.o)
 .ARM.attributes
                0x0000000000000000       0x34 /home/mutharasu/Documents/STM/arm_compiler/gcc-arm-none-eabi-10.3-2021.10/bin/../lib/gcc/arm-none-eabi/10.3.1/../../../../arm-none-eabi/lib/thumb/v7e-m+fp/hard/libc_nano.a(lib_a-exit.o)
 .text          0x0000000000000000        0x0 /home/mutharasu/Documents/STM/arm_compiler/gcc-arm-none-eabi-10.3-2021.10/bin/../lib/gcc/arm-none-eabi/10.3.1/../../../../arm-none-eabi/lib/thumb/v7e-m+fp/hard/libc_nano.a(lib_a-impure.o)
 .data          0x0000000000000000        0x0 /home/mutharasu/Documents/STM/arm_compiler/gcc-arm-none-eabi-10.3-2021.10/bin/../lib/gcc/arm-none-eabi/10.3.1/../../../../arm-none-eabi/lib/thumb/v7e-m+fp/hard/libc_nano.a(lib_a-impure.o)
 .bss           0x0000000000000000        0x0 /home/mutharasu/Documents/STM/arm_compiler/gcc-arm-none-eabi-10.3-2021.10/bin/../lib/gcc/arm-none-eabi/10.3.1/../../../../arm-none-eabi/lib/thumb/v7e-m+fp/hard/libc_nano.a(lib_a-impure.o)
 .data._impure_ptr
                0x0000000000000000        0x4 /home/mutharasu/Documents/STM/arm_compiler/gcc-arm-none-eabi-10.3-2021.10/bin/../lib/gcc/arm-none-eabi/10.3.1/../../../../arm-none-eabi/lib/thumb/v7e-m+fp/hard/libc_nano.a(lib_a-impure.o)
 .data.impure_data
                0x0000000000000000       0x60 /home/mutharasu/Documents/STM/arm_compiler/gcc-arm-none-eabi-10.3-2021.10/bin/../lib/gcc/arm-none-eabi/10.3.1/../../../../arm-none-eabi/lib/thumb/v7e-m+fp/hard/libc_nano.a(lib_a-impure.o)
 .rodata._global_impure_ptr
                0x0000000000000000        0x4 /home/mutharasu/Documents/STM/arm_compiler/gcc-arm-none-eabi-10.3-2021.10/bin/../lib/gcc/arm-none-eabi/10.3.1/../../../../arm-none-eabi/lib/thumb/v7e-m+fp/hard/libc_nano.a(lib_a-impure.o)
 .ARM.attributes
                0x0000000000000000       0x34 /home/mutharasu/Documents/STM/arm_compiler/gcc-arm-none-eabi-10.3-2021.10/bin/../lib/gcc/arm-none-eabi/10.3.1/../../../../arm-none-eabi/lib/thumb/v7e-m+fp/hard/libc_nano.a(lib_a-impure.o)
 .text          0x0000000000000000        0x0 /home/mutharasu/Documents/STM/arm_compiler/gcc-arm-none-eabi-10.3-2021.10/bin/../lib/gcc/arm-none-eabi/10.3.1/../../../../arm-none-eabi/lib/thumb/v7e-m+fp/hard/libc_nano.a(lib_a-init.o)
 .data          0x0000000000000000        0x0 /home/mutharasu/Documents/STM/arm_compiler/gcc-arm-none-eabi-10.3-2021.10/bin/../lib/gcc/arm-none-eabi/10.3.1/../../../../arm-none-eabi/lib/thumb/v7e-m+fp/hard/libc_nano.a(lib_a-init.o)
 .bss           0x0000000000000000        0x0 /home/mutharasu/Documents/STM/arm_compiler/gcc-arm-none-eabi-10.3-2021.10/bin/../lib/gcc/arm-none-eabi/10.3.1/../../../../arm-none-eabi/lib/thumb/v7e-m+fp/hard/libc_nano.a(lib_a-init.o)
 .text          0x0000000000000000        0x0 /home/mutharasu/Documents/STM/arm_compiler/gcc-arm-none-eabi-10.3-2021.10/bin/../lib/gcc/arm-none-eabi/10.3.1/../../../../arm-none-eabi/lib/thumb/v7e-m+fp/hard/libc_nano.a(lib_a-memset.o)
 .data          0x0000000000000000        0x0 /home/mutharasu/Documents/STM/arm_compiler/gcc-arm-none-eabi-10.3-2021.10/bin/../lib/gcc/arm-none-eabi/10.3.1/../../../../arm-none-eabi/lib/thumb/v7e-m+fp/hard/libc_nano.a(lib_a-memset.o)
 .bss           0x0000000000000000        0x0 /home/mutharasu/Documents/STM/arm_compiler/gcc-arm-none-eabi-10.3-2021.10/bin/../lib/gcc/arm-none-eabi/10.3.1/../../../../arm-none-eabi/lib/thumb/v7e-m+fp/hard/libc_nano.a(lib_a-memset.o)
 .text.memset   0x0000000000000000       0x10 /home/mutharasu/Documents/STM/arm_compiler/gcc-arm-none-eabi-10.3-2021.10/bin/../lib/gcc/arm-none-eabi/10.3.1/../../../../arm-none-eabi/lib/thumb/v7e-m+fp/hard/libc_nano.a(lib_a-memset.o)
 .debug_frame   0x0000000000000000       0x20 /home/mutharasu/Documents/STM/arm_compiler/gcc-arm-none-eabi-10.3-2021.10/bin/../lib/gcc/arm-none-eabi/10.3.1/../../../../arm-none-eabi/lib/thumb/v7e-m+fp/hard/libc_nano.a(lib_a-memset.o)
 .ARM.attributes
                0x0000000000000000       0x34 /home/mutharasu/Documents/STM/arm_compiler/gcc-arm-none-eabi-10.3-2021.10/bin/../lib/gcc/arm-none-eabi/10.3.1/../../../../arm-none-eabi/lib/thumb/v7e-m+fp/hard/libc_nano.a(lib_a-memset.o)
 .text          0x0000000000000000       0x14 /tmp/cchMJ8V2.o
 .data          0x0000000000000000        0x0 /tmp/cchMJ8V2.o
 .bss           0x0000000000000000        0x0 /tmp/cchMJ8V2.o
 .bss           0x0000000000000000        0x0 /tmp/ccORDgOr.o
 .text          0x0000000000000000        0x0 /home/mutharasu/Documents/STM/arm_compiler/gcc-arm-none-eabi-10.3-2021.10/bin/../lib/gcc/arm-none-eabi/10.3.1/../../../../arm-none-eabi/lib/thumb/v7e-m+fp/hard/libnosys.a(_exit.o)
 .data          0x0000000000000000        0x0 /home/mutharasu/Documents/STM/arm_compiler/gcc-arm-none-eabi-10.3-2021.10/bin/../lib/gcc/arm-none-eabi/10.3.1/../../../../arm-none-eabi/lib/thumb/v7e-m+fp/hard/libnosys.a(_exit.o)
 .bss           0x0000000000000000        0x0 /home/mutharasu/Documents/STM/arm_compiler/gcc-arm-none-eabi-10.3-2021.10/bin/../lib/gcc/arm-none-eabi/10.3.1/../../../../arm-none-eabi/lib/thumb/v7e-m+fp/hard/libnosys.a(_exit.o)
 .text._exit    0x0000000000000000        0x4 /home/mutharasu/Documents/STM/arm_compiler/gcc-arm-none-eabi-10.3-2021.10/bin/../lib/gcc/arm-none-eabi/10.3.1/../../../../arm-none-eabi/lib/thumb/v7e-m+fp/hard/libnosys.a(_exit.o)
 .debug_frame   0x0000000000000000       0x20 /home/mutharasu/Documents/STM/arm_compiler/gcc-arm-none-eabi-10.3-2021.10/bin/../lib/gcc/arm-none-eabi/10.3.1/../../../../arm-none-eabi/lib/thumb/v7e-m+fp/hard/libnosys.a(_exit.o)
 .ARM.attributes
                0x0000000000000000       0x34 /home/mutharasu/Documents/STM/arm_compiler/gcc-arm-none-eabi-10.3-2021.10/bin/../lib/gcc/arm-none-eabi/10.3.1/../../../../arm-none-eabi/lib/thumb/v7e-m+fp/hard/libnosys.a(_exit.o)
 .text          0x0000000000000000        0x0 /home/mutharasu/Documents/STM/arm_compiler/gcc-arm-none-eabi-10.3-2021.10/bin/../lib/gcc/arm-none-eabi/10.3.1/thumb/v7e-m+fp/hard/crtend.o
 .data          0x0000000000000000        0x0 /home/mutharasu/Documents/STM/arm_compiler/gcc-arm-none-eabi-10.3-2021.10/bin/../lib/gcc/arm-none-eabi/10.3.1/thumb/v7e-m+fp/hard/crtend.o
 .bss           0x0000000000000000        0x0 /home/mutharasu/Documents/STM/arm_compiler/gcc-arm-none-eabi-10.3-2021.10/bin/../lib/gcc/arm-none-eabi/10.3.1/thumb/v7e-m+fp/hard/crtend.o
 .rodata        0x0000000000000000       0x24 /home/mutharasu/Documents/STM/arm_compiler/gcc-arm-none-eabi-10.3-2021.10/bin/../lib/gcc/arm-none-eabi/10.3.1/thumb/v7e-m+fp/hard/crtend.o
 .eh_frame      0x0000000000000000        0x4 /home/mutharasu/Documents/STM/arm_compiler/gcc-arm-none-eabi-10.3-2021.10/bin/../lib/gcc/arm-none-eabi/10.3.1/thumb/v7e-m+fp/hard/crtend.o
 .ARM.attributes
                0x0000000000000000       0x34 /home/mutharasu/Documents/STM/arm_compiler/gcc-arm-none-eabi-10.3-2021.10/bin/../lib/gcc/arm-none-eabi/10.3.1/thumb/v7e-m+fp/hard/crtend.o
 .text          0x0000000000000000        0x0 /home/mutharasu/Documents/STM/arm_compiler/gcc-arm-none-eabi-10.3-2021.10/bin/../lib/gcc/arm-none-eabi/10.3.1/thumb/v7e-m+fp/hard/crtn.o
 .data          0x0000000000000000        0x0 /home/mutharasu/Documents/STM/arm_compiler/gcc-arm-none-eabi-10.3-2021.10/bin/../lib/gcc/arm-none-eabi/10.3.1/thumb/v7e-m+fp/hard/crtn.o
 .bss           0x0000000000000000        0x0 /home/mutharasu/Documents/STM/arm_compiler/gcc-arm-none-eabi-10.3-2021.10/bin/../lib/gcc/arm-none-eabi/10.3.1/thumb/v7e-m+fp/hard/crtn.o

Memory Configuration

Name             Origin             Length             Attributes
RAM              0x0000000020000000 0x0000000000010000 xrw
FLASH            0x0000000008000000 0x0000000000040000 xr
*default*        0x0000000000000000 0xffffffffffffffff

Linker script and memory map

LOAD /home/mutharasu/Documents/STM/arm_compiler/gcc-arm-none-eabi-10.3-2021.10/bin/../lib/gcc/arm-none-eabi/10.3.1/thumb/v7e-m+fp/hard/crti.o
LOAD /home/mutharasu/Documents/STM/arm_compiler/gcc-arm-none-eabi-10.3-2021.10/bin/../lib/gcc/arm-none-eabi/10.3.1/thumb/v7e-m+fp/hard/crtbegin.o
LOAD /home/mutharasu/Documents/STM/arm_compiler/gcc-arm-none-eabi-10.3-2021.10/bin/../lib/gcc/arm-none-eabi/10.3.1/../../../../arm-none-eabi/lib/thumb/v7e-m+fp/hard/crt0.o
START GROUP
LOAD /home/mutharasu/Documents/STM/arm_compiler/gcc-arm-none-eabi-10.3-2021.10/bin/../lib/gcc/arm-none-eabi/10.3.1/../../../../arm-none-eabi/lib/thumb/v7e-m+fp/hard/libc_nano.a
LOAD /home/mutharasu/Documents/STM/arm_compiler/gcc-arm-none-eabi-10.3-2021.10/bin/../lib/gcc/arm-none-eabi/10.3.1/../../../../arm-none-eabi/lib/thumb/v7e-m+fp/hard/libm.a
END GROUP
LOAD /tmp/cchMJ8V2.o
LOAD /tmp/ccORDgOr.o
START GROUP
LOAD /home/mutharasu/Documents/STM/arm_compiler/gcc-arm-none-eabi-10.3-2021.10/bin/../lib/gcc/arm-none-eabi/10.3.1/thumb/v7e-m+fp/hard/libgcc.a
LOAD /home/mutharasu/Documents/STM/arm_compiler/gcc-arm-none-eabi-10.3-2021.10/bin/../lib/gcc/arm-none-eabi/10.3.1/../../../../arm-none-eabi/lib/thumb/v7e-m+fp/hard/libg_nano.a
LOAD /home/mutharasu/Documents/STM/arm_compiler/gcc-arm-none-eabi-10.3-2021.10/bin/../lib/gcc/arm-none-eabi/10.3.1/../../../../arm-none-eabi/lib/thumb/v7e-m+fp/hard/libc_nano.a
END GROUP
START GROUP
LOAD /home/mutharasu/Documents/STM/arm_compiler/gcc-arm-none-eabi-10.3-2021.10/bin/../lib/gcc/arm-none-eabi/10.3.1/thumb/v7e-m+fp/hard/libgcc.a
LOAD /home/mutharasu/Documents/STM/arm_compiler/gcc-arm-none-eabi-10.3-2021.10/bin/../lib/gcc/arm-none-eabi/10.3.1/../../../../arm-none-eabi/lib/thumb/v7e-m+fp/hard/libc_nano.a
LOAD /home/mutharasu/Documents/STM/arm_compiler/gcc-arm-none-eabi-10.3-2021.10/bin/../lib/gcc/arm-none-eabi/10.3.1/../../../../arm-none-eabi/lib/thumb/v7e-m+fp/hard/libnosys.a
END GROUP
START GROUP
LOAD /home/mutharasu/Documents/STM/arm_compiler/gcc-arm-none-eabi-10.3-2021.10/bin/../lib/gcc/arm-none-eabi/10.3.1/thumb/v7e-m+fp/hard/libgcc.a
LOAD /home/mutharasu/Documents/STM/arm_compiler/gcc-arm-none-eabi-10.3-2021.10/bin/../lib/gcc/arm-none-eabi/10.3.1/../../../../arm-none-eabi/lib/thumb/v7e-m+fp/hard/libc_nano.a
LOAD /home/mutharasu/Documents/STM/arm_compiler/gcc-arm-none-eabi-10.3-2021.10/bin/../lib/gcc/arm-none-eabi/10.3.1/../../../../arm-none-eabi/lib/thumb/v7e-m+fp/hard/libnosys.a
END GROUP
LOAD /home/mutharasu/Documents/STM/arm_compiler/gcc-arm-none-eabi-10.3-2021.10/bin/../lib/gcc/arm-none-eabi/10.3.1/thumb/v7e-m+fp/hard/crtend.o
LOAD /home/mutharasu/Documents/STM/arm_compiler/gcc-arm-none-eabi-10.3-2021.10/bin/../lib/gcc/arm-none-eabi/10.3.1/thumb/v7e-m+fp/hard/crtn.o
                0x0000000020010000                _estack = (ORIGIN (RAM) + LENGTH (RAM))
                0x0000000000000200                _Min_Heap_Size = 0x200
                0x0000000000000400                _Min_Stack_Size = 0x400

.isr_vector     0x0000000008000000      0x194
                0x0000000008000000                . = ALIGN (0x4)
 *(.isr_vector)
 .isr_vector    0x0000000008000000      0x194 /tmp/cchMJ8V2.o
                0x0000000008000000                g_pfnVectors
                0x0000000008000194                . = ALIGN (0x4)

.text           0x0000000008000194      0x318
                0x0000000008000194                . = ALIGN (0x4)
 *(.text)
 .text          0x0000000008000194       0x40 /home/mutharasu/Documents/STM/arm_compiler/gcc-arm-none-eabi-10.3-2021.10/bin/../lib/gcc/arm-none-eabi/10.3.1/thumb/v7e-m+fp/hard/crtbegin.o
 .text          0x00000000080001d4      0x228 /tmp/ccORDgOr.o
                0x00000000080001d4                main
                0x00000000080001e6                rcc_config
                0x0000000008000278                gpioc_moder
                0x000000000800030c                timer10_config
                0x00000000080003bc                led_blinking
 *(.text*)
 .text.__libc_init_array
                0x00000000080003fc       0x48 /home/mutharasu/Documents/STM/arm_compiler/gcc-arm-none-eabi-10.3-2021.10/bin/../lib/gcc/arm-none-eabi/10.3.1/../../../../arm-none-eabi/lib/thumb/v7e-m+fp/hard/libc_nano.a(lib_a-init.o)
                0x00000000080003fc                __libc_init_array
 .text.Reset_Handler
                0x0000000008000444       0x4c /tmp/cchMJ8V2.o
                0x0000000008000444                Reset_Handler
 .text.Default_Handler
                0x0000000008000490        0x2 /tmp/cchMJ8V2.o
                0x0000000008000490                RTC_Alarm_IRQHandler
                0x0000000008000490                EXTI2_IRQHandler
                0x0000000008000490                DebugMon_Handler
                0x0000000008000490                SPI4_IRQHandler
                0x0000000008000490                TIM1_CC_IRQHandler
                0x0000000008000490                DMA2_Stream5_IRQHandler
                0x0000000008000490                HardFault_Handler
                0x0000000008000490                DMA1_Stream5_IRQHandler
                0x0000000008000490                SysTick_Handler
                0x0000000008000490                PVD_IRQHandler
                0x0000000008000490                SDIO_IRQHandler
                0x0000000008000490                TAMP_STAMP_IRQHandler
                0x0000000008000490                PendSV_Handler
                0x0000000008000490                NMI_Handler
                0x0000000008000490                EXTI3_IRQHandler
                0x0000000008000490                TIM1_UP_TIM10_IRQHandler
                0x0000000008000490                I2C3_ER_IRQHandler
                0x0000000008000490                EXTI0_IRQHandler
                0x0000000008000490                I2C2_EV_IRQHandler
                0x0000000008000490                DMA1_Stream2_IRQHandler
                0x0000000008000490                FPU_IRQHandler
                0x0000000008000490                UsageFault_Handler
                0x0000000008000490                DMA2_Stream2_IRQHandler
                0x0000000008000490                SPI1_IRQHandler
                0x0000000008000490                TIM1_BRK_TIM9_IRQHandler
                0x0000000008000490                DMA2_Stream3_IRQHandler
                0x0000000008000490                USART6_IRQHandler
                0x0000000008000490                DMA2_Stream0_IRQHandler
                0x0000000008000490                TIM4_IRQHandler
                0x0000000008000490                I2C1_EV_IRQHandler
                0x0000000008000490                DMA1_Stream6_IRQHandler
                0x0000000008000490                DMA1_Stream1_IRQHandler
                0x0000000008000490                TIM3_IRQHandler
                0x0000000008000490                RCC_IRQHandler
                0x0000000008000490                Default_Handler
                0x0000000008000490                EXTI15_10_IRQHandler
                0x0000000008000490                ADC_IRQHandler
                0x0000000008000490                DMA1_Stream7_IRQHandler
                0x0000000008000490                TIM5_IRQHandler
                0x0000000008000490                DMA2_Stream7_IRQHandler
                0x0000000008000490                I2C3_EV_IRQHandler
                0x0000000008000490                EXTI9_5_IRQHandler
                0x0000000008000490                RTC_WKUP_IRQHandler
                0x0000000008000490                SPI2_IRQHandler
                0x0000000008000490                MemManage_Handler
                0x0000000008000490                DMA1_Stream0_IRQHandler
                0x0000000008000490                SVC_Handler
                0x0000000008000490                EXTI4_IRQHandler
                0x0000000008000490                WWDG_IRQHandler
                0x0000000008000490                TIM2_IRQHandler
                0x0000000008000490                OTG_FS_WKUP_IRQHandler
                0x0000000008000490                TIM1_TRG_COM_TIM11_IRQHandler
                0x0000000008000490                EXTI1_IRQHandler
                0x0000000008000490                USART2_IRQHandler
                0x0000000008000490                I2C2_ER_IRQHandler
                0x0000000008000490                DMA2_Stream1_IRQHandler
                0x0000000008000490                FLASH_IRQHandler
                0x0000000008000490                DMA2_Stream4_IRQHandler
                0x0000000008000490                BusFault_Handler
                0x0000000008000490                USART1_IRQHandler
                0x0000000008000490                OTG_FS_IRQHandler
                0x0000000008000490                SPI3_IRQHandler
                0x0000000008000490                DMA1_Stream4_IRQHandler
                0x0000000008000490                I2C1_ER_IRQHandler
                0x0000000008000490                DMA2_Stream6_IRQHandler
                0x0000000008000490                DMA1_Stream3_IRQHandler
 *(.glue_7)
 .glue_7        0x0000000008000492        0x0 linker stubs
 *(.glue_7t)
 .glue_7t       0x0000000008000492        0x0 linker stubs
 *(.eh_frame)
 *fill*         0x0000000008000492        0x2 
 .eh_frame      0x0000000008000494        0x0 /home/mutharasu/Documents/STM/arm_compiler/gcc-arm-none-eabi-10.3-2021.10/bin/../lib/gcc/arm-none-eabi/10.3.1/thumb/v7e-m+fp/hard/crtbegin.o
 *(.init)
 .init          0x0000000008000494        0x4 /home/mutharasu/Documents/STM/arm_compiler/gcc-arm-none-eabi-10.3-2021.10/bin/../lib/gcc/arm-none-eabi/10.3.1/thumb/v7e-m+fp/hard/crti.o
                0x0000000008000494                _init
 .init          0x0000000008000498        0x8 /home/mutharasu/Documents/STM/arm_compiler/gcc-arm-none-eabi-10.3-2021.10/bin/../lib/gcc/arm-none-eabi/10.3.1/thumb/v7e-m+fp/hard/crtn.o
 *(.fini)
 .fini          0x00000000080004a0        0x4 /home/mutharasu/Documents/STM/arm_compiler/gcc-arm-none-eabi-10.3-2021.10/bin/../lib/gcc/arm-none-eabi/10.3.1/thumb/v7e-m+fp/hard/crti.o
                0x00000000080004a0                _fini
 .fini          0x00000000080004a4        0x8 /home/mutharasu/Documents/STM/arm_compiler/gcc-arm-none-eabi-10.3-2021.10/bin/../lib/gcc/arm-none-eabi/10.3.1/thumb/v7e-m+fp/hard/crtn.o
                0x00000000080004ac                . = ALIGN (0x4)
                0x00000000080004ac                _etext = .

.vfp11_veneer   0x00000000080004ac        0x0
 .vfp11_veneer  0x00000000080004ac        0x0 linker stubs

.v4_bx          0x00000000080004ac        0x0
 .v4_bx         0x00000000080004ac        0x0 linker stubs

.iplt           0x00000000080004ac        0x0
 .iplt          0x00000000080004ac        0x0 /home/mutharasu/Documents/STM/arm_compiler/gcc-arm-none-eabi-10.3-2021.10/bin/../lib/gcc/arm-none-eabi/10.3.1/thumb/v7e-m+fp/hard/crtbegin.o

.rel.dyn        0x00000000080004ac        0x0
 .rel.iplt      0x00000000080004ac        0x0 /home/mutharasu/Documents/STM/arm_compiler/gcc-arm-none-eabi-10.3-2021.10/bin/../lib/gcc/arm-none-eabi/10.3.1/thumb/v7e-m+fp/hard/crtbegin.o

.rodata         0x00000000080004ac        0x0
                0x00000000080004ac                . = ALIGN (0x4)
 *(.rodata)
 *(.rodata*)
                0x00000000080004ac                . = ALIGN (0x4)

.ARM.extab      0x00000000080004ac        0x0
                0x00000000080004ac                . = ALIGN (0x4)
 *(.ARM.extab* .gnu.linkonce.armextab.*)
                0x00000000080004ac                . = ALIGN (0x4)

.ARM            0x00000000080004ac        0x0
                0x00000000080004ac                . = ALIGN (0x4)
                0x00000000080004ac                __exidx_start = .
 *(.ARM.exidx*)
                0x00000000080004ac                __exidx_end = .
                0x00000000080004ac                . = ALIGN (0x4)

.preinit_array  0x00000000080004ac        0x0
                0x00000000080004ac                . = ALIGN (0x4)
                0x00000000080004ac                PROVIDE (__preinit_array_start = .)
 *(.preinit_array*)
                0x00000000080004ac                PROVIDE (__preinit_array_end = .)
                0x00000000080004ac                . = ALIGN (0x4)

.init_array     0x00000000080004ac        0x4
                0x00000000080004ac                . = ALIGN (0x4)
                0x00000000080004ac                PROVIDE (__init_array_start = .)
 *(SORT_BY_NAME(.init_array.*))
 *(.init_array*)
 .init_array    0x00000000080004ac        0x4 /home/mutharasu/Documents/STM/arm_compiler/gcc-arm-none-eabi-10.3-2021.10/bin/../lib/gcc/arm-none-eabi/10.3.1/thumb/v7e-m+fp/hard/crtbegin.o
                0x00000000080004b0                PROVIDE (__init_array_end = .)
                0x00000000080004b0                . = ALIGN (0x4)

.fini_array     0x00000000080004b0        0x4
                0x00000000080004b0                . = ALIGN (0x4)
                [!provide]                        PROVIDE (__fini_array_start = .)
 *(SORT_BY_NAME(.fini_array.*))
 *(.fini_array*)
 .fini_array    0x00000000080004b0        0x4 /home/mutharasu/Documents/STM/arm_compiler/gcc-arm-none-eabi-10.3-2021.10/bin/../lib/gcc/arm-none-eabi/10.3.1/thumb/v7e-m+fp/hard/crtbegin.o
                [!provide]                        PROVIDE (__fini_array_end = .)
                0x00000000080004b4                . = ALIGN (0x4)
                0x00000000080004b4                _sidata = LOADADDR (.data)

.data           0x0000000020000000       0x4c load address 0x00000000080004b4
                0x0000000020000000                . = ALIGN (0x4)
                0x0000000020000000                _sdata = .
 *(.data)
 .data          0x0000000020000000       0x4c /tmp/ccORDgOr.o
                0x0000000020000000                RCC_CR
                0x0000000020000004                RCC_CFGR
                0x0000000020000008                RCC_AHB1ENR
                0x000000002000000c                GPIOB_MODER
                0x0000000020000010                GPIOB_OTYPER
                0x0000000020000014                GPIOB_ODR
                0x0000000020000018                GPIOA_MODER
                0x000000002000001c                GPIOA_OTYPER
                0x0000000020000020                GPIOA_ODR
                0x0000000020000024                GPIOC_MODER
                0x0000000020000028                GPIOC_OTYPER
                0x000000002000002c                GPIOC_ODR
                0x0000000020000030                TIM10_CR1
                0x0000000020000034                TIM10_DIER
                0x0000000020000038                TIM10_SR
                0x000000002000003c                TIM10_EGR
                0x0000000020000040                TIM10_CNT
                0x0000000020000044                TIM10_PSC
                0x0000000020000048                TIM10_ARR
 *(.data*)
 *(.RamFunc)
 *(.RamFunc*)
                0x000000002000004c                . = ALIGN (0x4)
                0x000000002000004c                _edata = .

.igot.plt       0x000000002000004c        0x0 load address 0x0000000008000500
 .igot.plt      0x000000002000004c        0x0 /home/mutharasu/Documents/STM/arm_compiler/gcc-arm-none-eabi-10.3-2021.10/bin/../lib/gcc/arm-none-eabi/10.3.1/thumb/v7e-m+fp/hard/crtbegin.o
                0x000000002000004c                . = ALIGN (0x4)

.bss            0x000000002000004c       0x1c load address 0x0000000008000500
                0x000000002000004c                _sbss = .
                0x000000002000004c                __bss_start__ = _sbss
 *(.bss)
 .bss           0x000000002000004c       0x1c /home/mutharasu/Documents/STM/arm_compiler/gcc-arm-none-eabi-10.3-2021.10/bin/../lib/gcc/arm-none-eabi/10.3.1/thumb/v7e-m+fp/hard/crtbegin.o
 *(.bss*)
 *(COMMON)
                0x0000000020000068                . = ALIGN (0x4)
                0x0000000020000068                _ebss = .
                0x0000000020000068                __bss_end__ = _ebss

._user_heap_stack
                0x0000000020000068      0x600 load address 0x0000000008000500
                0x0000000020000068                . = ALIGN (0x8)
                [!provide]                        PROVIDE (end = .)
                [!provide]                        PROVIDE (_end = .)
                0x0000000020000268                . = (. + _Min_Heap_Size)
 *fill*         0x0000000020000068      0x200 
                0x0000000020000668                . = (. + _Min_Stack_Size)
 *fill*         0x0000000020000268      0x400 
                0x0000000020000668                . = ALIGN (0x8)

/DISCARD/
 libc.a(*)
 libm.a(*)
 libgcc.a(*)

.ARM.attributes
                0x0000000000000000       0x30
 *(.ARM.attributes)
 .ARM.attributes
                0x0000000000000000       0x1e /home/mutharasu/Documents/STM/arm_compiler/gcc-arm-none-eabi-10.3-2021.10/bin/../lib/gcc/arm-none-eabi/10.3.1/thumb/v7e-m+fp/hard/crti.o
 .ARM.attributes
                0x000000000000001e       0x34 /home/mutharasu/Documents/STM/arm_compiler/gcc-arm-none-eabi-10.3-2021.10/bin/../lib/gcc/arm-none-eabi/10.3.1/thumb/v7e-m+fp/hard/crtbegin.o
 .ARM.attributes
                0x0000000000000052       0x34 /home/mutharasu/Documents/STM/arm_compiler/gcc-arm-none-eabi-10.3-2021.10/bin/../lib/gcc/arm-none-eabi/10.3.1/../../../../arm-none-eabi/lib/thumb/v7e-m+fp/hard/libc_nano.a(lib_a-init.o)
 .ARM.attributes
                0x0000000000000086       0x21 /tmp/cchMJ8V2.o
 .ARM.attributes
                0x00000000000000a7       0x34 /tmp/ccORDgOr.o
 .ARM.attributes
                0x00000000000000db       0x1e /home/mutharasu/Documents/STM/arm_compiler/gcc-arm-none-eabi-10.3-2021.10/bin/../lib/gcc/arm-none-eabi/10.3.1/thumb/v7e-m+fp/hard/crtn.o
OUTPUT(stm32f401ccux.elf elf32-littlearm)
LOAD linker stubs
LOAD /home/mutharasu/Documents/STM/arm_compiler/gcc-arm-none-eabi-10.3-2021.10/bin/../lib/gcc/arm-none-eabi/10.3.1/../../../../arm-none-eabi/lib/thumb/v7e-m+fp/hard/libc.a
LOAD /home/mutharasu/Documents/STM/arm_compiler/gcc-arm-none-eabi-10.3-2021.10/bin/../lib/gcc/arm-none-eabi/10.3.1/../../../../arm-none-eabi/lib/thumb/v7e-m+fp/hard/libm.a
LOAD /home/mutharasu/Documents/STM/arm_compiler/gcc-arm-none-eabi-10.3-2021.10/bin/../lib/gcc/arm-none-eabi/10.3.1/thumb/v7e-m+fp/hard/libgcc.a

.debug_frame    0x0000000000000000       0xd4
 .debug_frame   0x0000000000000000       0x2c /home/mutharasu/Documents/STM/arm_compiler/gcc-arm-none-eabi-10.3-2021.10/bin/../lib/gcc/arm-none-eabi/10.3.1/../../../../arm-none-eabi/lib/thumb/v7e-m+fp/hard/libc_nano.a(lib_a-init.o)
 .debug_frame   0x000000000000002c       0xa8 /tmp/ccORDgOr.o

.debug_line     0x0000000000000000      0x209
 .debug_line    0x0000000000000000       0x77 /tmp/cchMJ8V2.o
 .debug_line    0x0000000000000077      0x192 /tmp/ccORDgOr.o

.debug_info     0x0000000000000000      0x215
 .debug_info    0x0000000000000000       0x22 /tmp/cchMJ8V2.o
 .debug_info    0x0000000000000022      0x1f3 /tmp/ccORDgOr.o

.debug_abbrev   0x0000000000000000       0xad
 .debug_abbrev  0x0000000000000000       0x12 /tmp/cchMJ8V2.o
 .debug_abbrev  0x0000000000000012       0x9b /tmp/ccORDgOr.o

.debug_aranges  0x0000000000000000       0x48
 .debug_aranges
                0x0000000000000000       0x28 /tmp/cchMJ8V2.o
 .debug_aranges
                0x0000000000000028       0x20 /tmp/ccORDgOr.o

.debug_str      0x0000000000000000      0x1e8
 .debug_str     0x0000000000000000       0x5e /tmp/cchMJ8V2.o
 .debug_str     0x000000000000005e      0x18a /tmp/ccORDgOr.o
                                        0x1c2 (size before relaxing)

.debug_ranges   0x0000000000000000       0x20
 .debug_ranges  0x0000000000000000       0x20 /tmp/cchMJ8V2.o

.comment        0x0000000000000000       0x49
 .comment       0x0000000000000000       0x49 /tmp/ccORDgOr.o
                                         0x4a (size before relaxing)
