Archive member included to satisfy reference by file (symbol)

/home/mutharasu/Documents/STM/arm_compiler/gcc-arm-none-eabi-10.3-2021.10/bin/../lib/gcc/arm-none-eabi/10.3.1/../../../../arm-none-eabi/lib/thumb/v7e-m+fp/hard/libc_nano.a(lib_a-exit.o)
                              /home/mutharasu/Documents/STM/arm_compiler/gcc-arm-none-eabi-10.3-2021.10/bin/../lib/gcc/arm-none-eabi/10.3.1/../../../../arm-none-eabi/lib/thumb/v7e-m+fp/hard/crt0.o (exit)
/home/mutharasu/Documents/STM/arm_compiler/gcc-arm-none-eabi-10.3-2021.10/bin/../lib/gcc/arm-none-eabi/10.3.1/../../../../arm-none-eabi/lib/thumb/v7e-m+fp/hard/libc_nano.a(lib_a-impure.o)
                              /home/mutharasu/Documents/STM/arm_compiler/gcc-arm-none-eabi-10.3-2021.10/bin/../lib/gcc/arm-none-eabi/10.3.1/../../../../arm-none-eabi/lib/thumb/v7e-m+fp/hard/libc_nano.a(lib_a-exit.o) (_global_impure_ptr)
/home/mutharasu/Documents/STM/arm_compiler/gcc-arm-none-eabi-10.3-2021.10/bin/../lib/gcc/arm-none-eabi/10.3.1/../../../../arm-none-eabi/lib/thumb/v7e-m+fp/hard/libc_nano.a(lib_a-init.o)
                              /home/mutharasu/Documents/STM/arm_compiler/gcc-arm-none-eabi-10.3-2021.10/bin/../lib/gcc/arm-none-eabi/10.3.1/../../../../arm-none-eabi/lib/thumb/v7e-m+fp/hard/crt0.o (__libc_init_array)
/home/mutharasu/Documents/STM/arm_compiler/gcc-arm-none-eabi-10.3-2021.10/bin/../lib/gcc/arm-none-eabi/10.3.1/../../../../arm-none-eabi/lib/thumb/v7e-m+fp/hard/libc_nano.a(lib_a-memset.o)
                              /home/mutharasu/Documents/STM/arm_compiler/gcc-arm-none-eabi-10.3-2021.10/bin/../lib/gcc/arm-none-eabi/10.3.1/../../../../arm-none-eabi/lib/thumb/v7e-m+fp/hard/crt0.o (memset)
/home/mutharasu/Documents/STM/arm_compiler/gcc-arm-none-eabi-10.3-2021.10/bin/../lib/gcc/arm-none-eabi/10.3.1/../../../../arm-none-eabi/lib/thumb/v7e-m+fp/hard/libnosys.a(_exit.o)
                              /home/mutharasu/Documents/STM/arm_compiler/gcc-arm-none-eabi-10.3-2021.10/bin/../lib/gcc/arm-none-eabi/10.3.1/../../../../arm-none-eabi/lib/thumb/v7e-m+fp/hard/libc_nano.a(lib_a-exit.o) (_exit)

Discarded input sections

 .text          0x0000000000000000        0x0 /home/mutharasu/Documents/STM/arm_compiler/gcc-arm-none-eabi-10.3-2021.10/bin/../lib/gcc/arm-none-eabi/10.3.1/thumb/v7e-m+fp/hard/crti.o
 .data          0x0000000000000000        0x0 /home/mutharasu/Documents/STM/arm_compiler/gcc-arm-none-eabi-10.3-2021.10/bin/../lib/gcc/arm-none-eabi/10.3.1/thumb/v7e-m+fp/hard/crti.o
 .bss           0x0000000000000000        0x0 /home/mutharasu/Documents/STM/arm_compiler/gcc-arm-none-eabi-10.3-2021.10/bin/../lib/gcc/arm-none-eabi/10.3.1/thumb/v7e-m+fp/hard/crti.o
 .data          0x0000000000000000        0x4 /home/mutharasu/Documents/STM/arm_compiler/gcc-arm-none-eabi-10.3-2021.10/bin/../lib/gcc/arm-none-eabi/10.3.1/thumb/v7e-m+fp/hard/crtbegin.o
 .rodata        0x0000000000000000       0x24 /home/mutharasu/Documents/STM/arm_compiler/gcc-arm-none-eabi-10.3-2021.10/bin/../lib/gcc/arm-none-eabi/10.3.1/thumb/v7e-m+fp/hard/crtbegin.o
 .text          0x0000000000000000       0x7c /home/mutharasu/Documents/STM/arm_compiler/gcc-arm-none-eabi-10.3-2021.10/bin/../lib/gcc/arm-none-eabi/10.3.1/../../../../arm-none-eabi/lib/thumb/v7e-m+fp/hard/crt0.o
 .data          0x0000000000000000        0x0 /home/mutharasu/Documents/STM/arm_compiler/gcc-arm-none-eabi-10.3-2021.10/bin/../lib/gcc/arm-none-eabi/10.3.1/../../../../arm-none-eabi/lib/thumb/v7e-m+fp/hard/crt0.o
 .bss           0x0000000000000000        0x0 /home/mutharasu/Documents/STM/arm_compiler/gcc-arm-none-eabi-10.3-2021.10/bin/../lib/gcc/arm-none-eabi/10.3.1/../../../../arm-none-eabi/lib/thumb/v7e-m+fp/hard/crt0.o
 .ARM.extab     0x0000000000000000        0x0 /home/mutharasu/Documents/STM/arm_compiler/gcc-arm-none-eabi-10.3-2021.10/bin/../lib/gcc/arm-none-eabi/10.3.1/../../../../arm-none-eabi/lib/thumb/v7e-m+fp/hard/crt0.o
 .ARM.exidx     0x0000000000000000       0x10 /home/mutharasu/Documents/STM/arm_compiler/gcc-arm-none-eabi-10.3-2021.10/bin/../lib/gcc/arm-none-eabi/10.3.1/../../../../arm-none-eabi/lib/thumb/v7e-m+fp/hard/crt0.o
 .ARM.attributes
                0x0000000000000000       0x1c /home/mutharasu/Documents/STM/arm_compiler/gcc-arm-none-eabi-10.3-2021.10/bin/../lib/gcc/arm-none-eabi/10.3.1/../../../../arm-none-eabi/lib/thumb/v7e-m+fp/hard/crt0.o
 .text          0x0000000000000000        0x0 /home/mutharasu/Documents/STM/arm_compiler/gcc-arm-none-eabi-10.3-2021.10/bin/../lib/gcc/arm-none-eabi/10.3.1/../../../../arm-none-eabi/lib/thumb/v7e-m+fp/hard/libc_nano.a(lib_a-exit.o)
 .data          0x0000000000000000        0x0 /home/mutharasu/Documents/STM/arm_compiler/gcc-arm-none-eabi-10.3-2021.10/bin/../lib/gcc/arm-none-eabi/10.3.1/../../../../arm-none-eabi/lib/thumb/v7e-m+fp/hard/libc_nano.a(lib_a-exit.o)
 .bss           0x0000000000000000        0x0 /home/mutharasu/Documents/STM/arm_compiler/gcc-arm-none-eabi-10.3-2021.10/bin/../lib/gcc/arm-none-eabi/10.3.1/../../../../arm-none-eabi/lib/thumb/v7e-m+fp/hard/libc_nano.a(lib_a-exit.o)
 .text.exit     0x0000000000000000       0x28 /home/mutharasu/Documents/STM/arm_compiler/gcc-arm-none-eabi-10.3-2021.10/bin/../lib/gcc/arm-none-eabi/10.3.1/../../../../arm-none-eabi/lib/thumb/v7e-m+fp/hard/libc_nano.a(lib_a-exit.o)
 .debug_frame   0x0000000000000000       0x28 /home/mutharasu/Documents/STM/arm_compiler/gcc-arm-none-eabi-10.3-2021.10/bin/../lib/gcc/arm-none-eabi/10.3.1/../../../../arm-none-eabi/lib/thumb/v7e-m+fp/hard/libc_nano.a(lib_a-exit.o)
 .ARM.attributes
                0x0000000000000000       0x34 /home/mutharasu/Documents/STM/arm_compiler/gcc-arm-none-eabi-10.3-2021.10/bin/../lib/gcc/arm-none-eabi/10.3.1/../../../../arm-none-eabi/lib/thumb/v7e-m+fp/hard/libc_nano.a(lib_a-exit.o)
 .text          0x0000000000000000        0x0 /home/mutharasu/Documents/STM/arm_compiler/gcc-arm-none-eabi-10.3-2021.10/bin/../lib/gcc/arm-none-eabi/10.3.1/../../../../arm-none-eabi/lib/thumb/v7e-m+fp/hard/libc_nano.a(lib_a-impure.o)
 .data          0x0000000000000000        0x0 /home/mutharasu/Documents/STM/arm_compiler/gcc-arm-none-eabi-10.3-2021.10/bin/../lib/gcc/arm-none-eabi/10.3.1/../../../../arm-none-eabi/lib/thumb/v7e-m+fp/hard/libc_nano.a(lib_a-impure.o)
 .bss           0x0000000000000000        0x0 /home/mutharasu/Documents/STM/arm_compiler/gcc-arm-none-eabi-10.3-2021.10/bin/../lib/gcc/arm-none-eabi/10.3.1/../../../../arm-none-eabi/lib/thumb/v7e-m+fp/hard/libc_nano.a(lib_a-impure.o)
 .data._impure_ptr
                0x0000000000000000        0x4 /home/mutharasu/Documents/STM/arm_compiler/gcc-arm-none-eabi-10.3-2021.10/bin/../lib/gcc/arm-none-eabi/10.3.1/../../../../arm-none-eabi/lib/thumb/v7e-m+fp/hard/libc_nano.a(lib_a-impure.o)
 .data.impure_data
                0x0000000000000000       0x60 /home/mutharasu/Documents/STM/arm_compiler/gcc-arm-none-eabi-10.3-2021.10/bin/../lib/gcc/arm-none-eabi/10.3.1/../../../../arm-none-eabi/lib/thumb/v7e-m+fp/hard/libc_nano.a(lib_a-impure.o)
 .rodata._global_impure_ptr
                0x0000000000000000        0x4 /home/mutharasu/Documents/STM/arm_compiler/gcc-arm-none-eabi-10.3-2021.10/bin/../lib/gcc/arm-none-eabi/10.3.1/../../../../arm-none-eabi/lib/thumb/v7e-m+fp/hard/libc_nano.a(lib_a-impure.o)
 .ARM.attributes
                0x0000000000000000       0x34 /home/mutharasu/Documents/STM/arm_compiler/gcc-arm-none-eabi-10.3-2021.10/bin/../lib/gcc/arm-none-eabi/10.3.1/../../../../arm-none-eabi/lib/thumb/v7e-m+fp/hard/libc_nano.a(lib_a-impure.o)
 .text          0x0000000000000000        0x0 /home/mutharasu/Documents/STM/arm_compiler/gcc-arm-none-eabi-10.3-2021.10/bin/../lib/gcc/arm-none-eabi/10.3.1/../../../../arm-none-eabi/lib/thumb/v7e-m+fp/hard/libc_nano.a(lib_a-init.o)
 .data          0x0000000000000000        0x0 /home/mutharasu/Documents/STM/arm_compiler/gcc-arm-none-eabi-10.3-2021.10/bin/../lib/gcc/arm-none-eabi/10.3.1/../../../../arm-none-eabi/lib/thumb/v7e-m+fp/hard/libc_nano.a(lib_a-init.o)
 .bss           0x0000000000000000        0x0 /home/mutharasu/Documents/STM/arm_compiler/gcc-arm-none-eabi-10.3-2021.10/bin/../lib/gcc/arm-none-eabi/10.3.1/../../../../arm-none-eabi/lib/thumb/v7e-m+fp/hard/libc_nano.a(lib_a-init.o)
 .text          0x0000000000000000        0x0 /home/mutharasu/Documents/STM/arm_compiler/gcc-arm-none-eabi-10.3-2021.10/bin/../lib/gcc/arm-none-eabi/10.3.1/../../../../arm-none-eabi/lib/thumb/v7e-m+fp/hard/libc_nano.a(lib_a-memset.o)
 .data          0x0000000000000000        0x0 /home/mutharasu/Documents/STM/arm_compiler/gcc-arm-none-eabi-10.3-2021.10/bin/../lib/gcc/arm-none-eabi/10.3.1/../../../../arm-none-eabi/lib/thumb/v7e-m+fp/hard/libc_nano.a(lib_a-memset.o)
 .bss           0x0000000000000000        0x0 /home/mutharasu/Documents/STM/arm_compiler/gcc-arm-none-eabi-10.3-2021.10/bin/../lib/gcc/arm-none-eabi/10.3.1/../../../../arm-none-eabi/lib/thumb/v7e-m+fp/hard/libc_nano.a(lib_a-memset.o)
 .text.memset   0x0000000000000000       0x10 /home/mutharasu/Documents/STM/arm_compiler/gcc-arm-none-eabi-10.3-2021.10/bin/../lib/gcc/arm-none-eabi/10.3.1/../../../../arm-none-eabi/lib/thumb/v7e-m+fp/hard/libc_nano.a(lib_a-memset.o)
 .debug_frame   0x0000000000000000       0x20 /home/mutharasu/Documents/STM/arm_compiler/gcc-arm-none-eabi-10.3-2021.10/bin/../lib/gcc/arm-none-eabi/10.3.1/../../../../arm-none-eabi/lib/thumb/v7e-m+fp/hard/libc_nano.a(lib_a-memset.o)
 .ARM.attributes
                0x0000000000000000       0x34 /home/mutharasu/Documents/STM/arm_compiler/gcc-arm-none-eabi-10.3-2021.10/bin/../lib/gcc/arm-none-eabi/10.3.1/../../../../arm-none-eabi/lib/thumb/v7e-m+fp/hard/libc_nano.a(lib_a-memset.o)
 .text          0x0000000000000000       0x14 /tmp/ccMfZ7YG.o
 .data          0x0000000000000000        0x0 /tmp/ccMfZ7YG.o
 .bss           0x0000000000000000        0x0 /tmp/ccMfZ7YG.o
 .data          0x0000000000000000        0x0 /tmp/ccybz6Sw.o
 .bss           0x0000000000000000        0x0 /tmp/ccybz6Sw.o
 .text          0x0000000000000000        0x0 /home/mutharasu/Documents/STM/arm_compiler/gcc-arm-none-eabi-10.3-2021.10/bin/../lib/gcc/arm-none-eabi/10.3.1/../../../../arm-none-eabi/lib/thumb/v7e-m+fp/hard/libnosys.a(_exit.o)
 .data          0x0000000000000000        0x0 /home/mutharasu/Documents/STM/arm_compiler/gcc-arm-none-eabi-10.3-2021.10/bin/../lib/gcc/arm-none-eabi/10.3.1/../../../../arm-none-eabi/lib/thumb/v7e-m+fp/hard/libnosys.a(_exit.o)
 .bss           0x0000000000000000        0x0 /home/mutharasu/Documents/STM/arm_compiler/gcc-arm-none-eabi-10.3-2021.10/bin/../lib/gcc/arm-none-eabi/10.3.1/../../../../arm-none-eabi/lib/thumb/v7e-m+fp/hard/libnosys.a(_exit.o)
 .text._exit    0x0000000000000000        0x4 /home/mutharasu/Documents/STM/arm_compiler/gcc-arm-none-eabi-10.3-2021.10/bin/../lib/gcc/arm-none-eabi/10.3.1/../../../../arm-none-eabi/lib/thumb/v7e-m+fp/hard/libnosys.a(_exit.o)
 .debug_frame   0x0000000000000000       0x20 /home/mutharasu/Documents/STM/arm_compiler/gcc-arm-none-eabi-10.3-2021.10/bin/../lib/gcc/arm-none-eabi/10.3.1/../../../../arm-none-eabi/lib/thumb/v7e-m+fp/hard/libnosys.a(_exit.o)
 .ARM.attributes
                0x0000000000000000       0x34 /home/mutharasu/Documents/STM/arm_compiler/gcc-arm-none-eabi-10.3-2021.10/bin/../lib/gcc/arm-none-eabi/10.3.1/../../../../arm-none-eabi/lib/thumb/v7e-m+fp/hard/libnosys.a(_exit.o)
 .text          0x0000000000000000        0x0 /home/mutharasu/Documents/STM/arm_compiler/gcc-arm-none-eabi-10.3-2021.10/bin/../lib/gcc/arm-none-eabi/10.3.1/thumb/v7e-m+fp/hard/crtend.o
 .data          0x0000000000000000        0x0 /home/mutharasu/Documents/STM/arm_compiler/gcc-arm-none-eabi-10.3-2021.10/bin/../lib/gcc/arm-none-eabi/10.3.1/thumb/v7e-m+fp/hard/crtend.o
 .bss           0x0000000000000000        0x0 /home/mutharasu/Documents/STM/arm_compiler/gcc-arm-none-eabi-10.3-2021.10/bin/../lib/gcc/arm-none-eabi/10.3.1/thumb/v7e-m+fp/hard/crtend.o
 .rodata        0x0000000000000000       0x24 /home/mutharasu/Documents/STM/arm_compiler/gcc-arm-none-eabi-10.3-2021.10/bin/../lib/gcc/arm-none-eabi/10.3.1/thumb/v7e-m+fp/hard/crtend.o
 .eh_frame      0x0000000000000000        0x4 /home/mutharasu/Documents/STM/arm_compiler/gcc-arm-none-eabi-10.3-2021.10/bin/../lib/gcc/arm-none-eabi/10.3.1/thumb/v7e-m+fp/hard/crtend.o
 .ARM.attributes
                0x0000000000000000       0x34 /home/mutharasu/Documents/STM/arm_compiler/gcc-arm-none-eabi-10.3-2021.10/bin/../lib/gcc/arm-none-eabi/10.3.1/thumb/v7e-m+fp/hard/crtend.o
 .text          0x0000000000000000        0x0 /home/mutharasu/Documents/STM/arm_compiler/gcc-arm-none-eabi-10.3-2021.10/bin/../lib/gcc/arm-none-eabi/10.3.1/thumb/v7e-m+fp/hard/crtn.o
 .data          0x0000000000000000        0x0 /home/mutharasu/Documents/STM/arm_compiler/gcc-arm-none-eabi-10.3-2021.10/bin/../lib/gcc/arm-none-eabi/10.3.1/thumb/v7e-m+fp/hard/crtn.o
 .bss           0x0000000000000000        0x0 /home/mutharasu/Documents/STM/arm_compiler/gcc-arm-none-eabi-10.3-2021.10/bin/../lib/gcc/arm-none-eabi/10.3.1/thumb/v7e-m+fp/hard/crtn.o

Memory Configuration

Name             Origin             Length             Attributes
RAM              0x0000000020000000 0x0000000000010000 xrw
FLASH            0x0000000008000000 0x0000000000040000 xr
*default*        0x0000000000000000 0xffffffffffffffff

Linker script and memory map

LOAD /home/mutharasu/Documents/STM/arm_compiler/gcc-arm-none-eabi-10.3-2021.10/bin/../lib/gcc/arm-none-eabi/10.3.1/thumb/v7e-m+fp/hard/crti.o
LOAD /home/mutharasu/Documents/STM/arm_compiler/gcc-arm-none-eabi-10.3-2021.10/bin/../lib/gcc/arm-none-eabi/10.3.1/thumb/v7e-m+fp/hard/crtbegin.o
LOAD /home/mutharasu/Documents/STM/arm_compiler/gcc-arm-none-eabi-10.3-2021.10/bin/../lib/gcc/arm-none-eabi/10.3.1/../../../../arm-none-eabi/lib/thumb/v7e-m+fp/hard/crt0.o
START GROUP
LOAD /home/mutharasu/Documents/STM/arm_compiler/gcc-arm-none-eabi-10.3-2021.10/bin/../lib/gcc/arm-none-eabi/10.3.1/../../../../arm-none-eabi/lib/thumb/v7e-m+fp/hard/libc_nano.a
LOAD /home/mutharasu/Documents/STM/arm_compiler/gcc-arm-none-eabi-10.3-2021.10/bin/../lib/gcc/arm-none-eabi/10.3.1/../../../../arm-none-eabi/lib/thumb/v7e-m+fp/hard/libm.a
END GROUP
LOAD /tmp/ccMfZ7YG.o
LOAD /tmp/ccybz6Sw.o
START GROUP
LOAD /home/mutharasu/Documents/STM/arm_compiler/gcc-arm-none-eabi-10.3-2021.10/bin/../lib/gcc/arm-none-eabi/10.3.1/thumb/v7e-m+fp/hard/libgcc.a
LOAD /home/mutharasu/Documents/STM/arm_compiler/gcc-arm-none-eabi-10.3-2021.10/bin/../lib/gcc/arm-none-eabi/10.3.1/../../../../arm-none-eabi/lib/thumb/v7e-m+fp/hard/libg_nano.a
LOAD /home/mutharasu/Documents/STM/arm_compiler/gcc-arm-none-eabi-10.3-2021.10/bin/../lib/gcc/arm-none-eabi/10.3.1/../../../../arm-none-eabi/lib/thumb/v7e-m+fp/hard/libc_nano.a
END GROUP
START GROUP
LOAD /home/mutharasu/Documents/STM/arm_compiler/gcc-arm-none-eabi-10.3-2021.10/bin/../lib/gcc/arm-none-eabi/10.3.1/thumb/v7e-m+fp/hard/libgcc.a
LOAD /home/mutharasu/Documents/STM/arm_compiler/gcc-arm-none-eabi-10.3-2021.10/bin/../lib/gcc/arm-none-eabi/10.3.1/../../../../arm-none-eabi/lib/thumb/v7e-m+fp/hard/libc_nano.a
LOAD /home/mutharasu/Documents/STM/arm_compiler/gcc-arm-none-eabi-10.3-2021.10/bin/../lib/gcc/arm-none-eabi/10.3.1/../../../../arm-none-eabi/lib/thumb/v7e-m+fp/hard/libnosys.a
END GROUP
START GROUP
LOAD /home/mutharasu/Documents/STM/arm_compiler/gcc-arm-none-eabi-10.3-2021.10/bin/../lib/gcc/arm-none-eabi/10.3.1/thumb/v7e-m+fp/hard/libgcc.a
LOAD /home/mutharasu/Documents/STM/arm_compiler/gcc-arm-none-eabi-10.3-2021.10/bin/../lib/gcc/arm-none-eabi/10.3.1/../../../../arm-none-eabi/lib/thumb/v7e-m+fp/hard/libc_nano.a
LOAD /home/mutharasu/Documents/STM/arm_compiler/gcc-arm-none-eabi-10.3-2021.10/bin/../lib/gcc/arm-none-eabi/10.3.1/../../../../arm-none-eabi/lib/thumb/v7e-m+fp/hard/libnosys.a
END GROUP
LOAD /home/mutharasu/Documents/STM/arm_compiler/gcc-arm-none-eabi-10.3-2021.10/bin/../lib/gcc/arm-none-eabi/10.3.1/thumb/v7e-m+fp/hard/crtend.o
LOAD /home/mutharasu/Documents/STM/arm_compiler/gcc-arm-none-eabi-10.3-2021.10/bin/../lib/gcc/arm-none-eabi/10.3.1/thumb/v7e-m+fp/hard/crtn.o
                0x0000000020010000                _estack = (ORIGIN (RAM) + LENGTH (RAM))
                0x0000000000000200                _Min_Heap_Size = 0x200
                0x0000000000000400                _Min_Stack_Size = 0x400

.isr_vector     0x0000000008000000      0x194
                0x0000000008000000                . = ALIGN (0x4)
 *(.isr_vector)
 .isr_vector    0x0000000008000000      0x194 /tmp/ccMfZ7YG.o
                0x0000000008000000                g_pfnVectors
                0x0000000008000194                . = ALIGN (0x4)

.text           0x0000000008000194      0x7a4
                0x0000000008000194                . = ALIGN (0x4)
 *(.text)
 .text          0x0000000008000194       0x40 /home/mutharasu/Documents/STM/arm_compiler/gcc-arm-none-eabi-10.3-2021.10/bin/../lib/gcc/arm-none-eabi/10.3.1/thumb/v7e-m+fp/hard/crtbegin.o
 .text          0x00000000080001d4      0x6b4 /tmp/ccybz6Sw.o
                0x00000000080001d4                main
                0x000000000800028c                rcc_config
                0x00000000080002ec                port_config
                0x00000000080003e4                usart_config
                0x0000000008000474                data_tx
                0x00000000080004b4                data_rx
                0x00000000080004e0                timer10_pwm_config
                0x00000000080005f0                delay_time11
                0x0000000008000694                pwm_run
                0x00000000080007bc                adc_config
                0x0000000008000844                adc_conversion
 *(.text*)
 .text.__libc_init_array
                0x0000000008000888       0x48 /home/mutharasu/Documents/STM/arm_compiler/gcc-arm-none-eabi-10.3-2021.10/bin/../lib/gcc/arm-none-eabi/10.3.1/../../../../arm-none-eabi/lib/thumb/v7e-m+fp/hard/libc_nano.a(lib_a-init.o)
                0x0000000008000888                __libc_init_array
 .text.Reset_Handler
                0x00000000080008d0       0x4c /tmp/ccMfZ7YG.o
                0x00000000080008d0                Reset_Handler
 .text.Default_Handler
                0x000000000800091c        0x2 /tmp/ccMfZ7YG.o
                0x000000000800091c                RTC_Alarm_IRQHandler
                0x000000000800091c                EXTI2_IRQHandler
                0x000000000800091c                DebugMon_Handler
                0x000000000800091c                SPI4_IRQHandler
                0x000000000800091c                TIM1_CC_IRQHandler
                0x000000000800091c                DMA2_Stream5_IRQHandler
                0x000000000800091c                HardFault_Handler
                0x000000000800091c                DMA1_Stream5_IRQHandler
                0x000000000800091c                SysTick_Handler
                0x000000000800091c                PVD_IRQHandler
                0x000000000800091c                SDIO_IRQHandler
                0x000000000800091c                TAMP_STAMP_IRQHandler
                0x000000000800091c                PendSV_Handler
                0x000000000800091c                NMI_Handler
                0x000000000800091c                EXTI3_IRQHandler
                0x000000000800091c                TIM1_UP_TIM10_IRQHandler
                0x000000000800091c                I2C3_ER_IRQHandler
                0x000000000800091c                EXTI0_IRQHandler
                0x000000000800091c                I2C2_EV_IRQHandler
                0x000000000800091c                DMA1_Stream2_IRQHandler
                0x000000000800091c                FPU_IRQHandler
                0x000000000800091c                UsageFault_Handler
                0x000000000800091c                DMA2_Stream2_IRQHandler
                0x000000000800091c                SPI1_IRQHandler
                0x000000000800091c                TIM1_BRK_TIM9_IRQHandler
                0x000000000800091c                DMA2_Stream3_IRQHandler
                0x000000000800091c                USART6_IRQHandler
                0x000000000800091c                DMA2_Stream0_IRQHandler
                0x000000000800091c                TIM4_IRQHandler
                0x000000000800091c                I2C1_EV_IRQHandler
                0x000000000800091c                DMA1_Stream6_IRQHandler
                0x000000000800091c                DMA1_Stream1_IRQHandler
                0x000000000800091c                TIM3_IRQHandler
                0x000000000800091c                RCC_IRQHandler
                0x000000000800091c                Default_Handler
                0x000000000800091c                EXTI15_10_IRQHandler
                0x000000000800091c                ADC_IRQHandler
                0x000000000800091c                DMA1_Stream7_IRQHandler
                0x000000000800091c                TIM5_IRQHandler
                0x000000000800091c                DMA2_Stream7_IRQHandler
                0x000000000800091c                I2C3_EV_IRQHandler
                0x000000000800091c                EXTI9_5_IRQHandler
                0x000000000800091c                RTC_WKUP_IRQHandler
                0x000000000800091c                SPI2_IRQHandler
                0x000000000800091c                MemManage_Handler
                0x000000000800091c                DMA1_Stream0_IRQHandler
                0x000000000800091c                SVC_Handler
                0x000000000800091c                EXTI4_IRQHandler
                0x000000000800091c                WWDG_IRQHandler
                0x000000000800091c                TIM2_IRQHandler
                0x000000000800091c                OTG_FS_WKUP_IRQHandler
                0x000000000800091c                TIM1_TRG_COM_TIM11_IRQHandler
                0x000000000800091c                EXTI1_IRQHandler
                0x000000000800091c                USART2_IRQHandler
                0x000000000800091c                I2C2_ER_IRQHandler
                0x000000000800091c                DMA2_Stream1_IRQHandler
                0x000000000800091c                FLASH_IRQHandler
                0x000000000800091c                DMA2_Stream4_IRQHandler
                0x000000000800091c                BusFault_Handler
                0x000000000800091c                USART1_IRQHandler
                0x000000000800091c                OTG_FS_IRQHandler
                0x000000000800091c                SPI3_IRQHandler
                0x000000000800091c                DMA1_Stream4_IRQHandler
                0x000000000800091c                I2C1_ER_IRQHandler
                0x000000000800091c                DMA2_Stream6_IRQHandler
                0x000000000800091c                DMA1_Stream3_IRQHandler
 *(.glue_7)
 .glue_7        0x000000000800091e        0x0 linker stubs
 *(.glue_7t)
 .glue_7t       0x000000000800091e        0x0 linker stubs
 *(.eh_frame)
 *fill*         0x000000000800091e        0x2 
 .eh_frame      0x0000000008000920        0x0 /home/mutharasu/Documents/STM/arm_compiler/gcc-arm-none-eabi-10.3-2021.10/bin/../lib/gcc/arm-none-eabi/10.3.1/thumb/v7e-m+fp/hard/crtbegin.o
 *(.init)
 .init          0x0000000008000920        0x4 /home/mutharasu/Documents/STM/arm_compiler/gcc-arm-none-eabi-10.3-2021.10/bin/../lib/gcc/arm-none-eabi/10.3.1/thumb/v7e-m+fp/hard/crti.o
                0x0000000008000920                _init
 .init          0x0000000008000924        0x8 /home/mutharasu/Documents/STM/arm_compiler/gcc-arm-none-eabi-10.3-2021.10/bin/../lib/gcc/arm-none-eabi/10.3.1/thumb/v7e-m+fp/hard/crtn.o
 *(.fini)
 .fini          0x000000000800092c        0x4 /home/mutharasu/Documents/STM/arm_compiler/gcc-arm-none-eabi-10.3-2021.10/bin/../lib/gcc/arm-none-eabi/10.3.1/thumb/v7e-m+fp/hard/crti.o
                0x000000000800092c                _fini
 .fini          0x0000000008000930        0x8 /home/mutharasu/Documents/STM/arm_compiler/gcc-arm-none-eabi-10.3-2021.10/bin/../lib/gcc/arm-none-eabi/10.3.1/thumb/v7e-m+fp/hard/crtn.o
                0x0000000008000938                . = ALIGN (0x4)
                0x0000000008000938                _etext = .

.vfp11_veneer   0x0000000008000938        0x0
 .vfp11_veneer  0x0000000008000938        0x0 linker stubs

.v4_bx          0x0000000008000938        0x0
 .v4_bx         0x0000000008000938        0x0 linker stubs

.iplt           0x0000000008000938        0x0
 .iplt          0x0000000008000938        0x0 /home/mutharasu/Documents/STM/arm_compiler/gcc-arm-none-eabi-10.3-2021.10/bin/../lib/gcc/arm-none-eabi/10.3.1/thumb/v7e-m+fp/hard/crtbegin.o

.rodata         0x0000000008000938       0x14
                0x0000000008000938                . = ALIGN (0x4)
 *(.rodata)
 .rodata        0x0000000008000938       0x12 /tmp/ccybz6Sw.o
 *(.rodata*)
                0x000000000800094c                . = ALIGN (0x4)
 *fill*         0x000000000800094a        0x2 

.rel.dyn        0x000000000800094c        0x0
 .rel.iplt      0x000000000800094c        0x0 /home/mutharasu/Documents/STM/arm_compiler/gcc-arm-none-eabi-10.3-2021.10/bin/../lib/gcc/arm-none-eabi/10.3.1/thumb/v7e-m+fp/hard/crtbegin.o

.ARM.extab      0x000000000800094c        0x0
                0x000000000800094c                . = ALIGN (0x4)
 *(.ARM.extab* .gnu.linkonce.armextab.*)
                0x000000000800094c                . = ALIGN (0x4)

.ARM            0x000000000800094c        0x0
                0x000000000800094c                . = ALIGN (0x4)
                0x000000000800094c                __exidx_start = .
 *(.ARM.exidx*)
                0x000000000800094c                __exidx_end = .
                0x000000000800094c                . = ALIGN (0x4)

.preinit_array  0x000000000800094c        0x0
                0x000000000800094c                . = ALIGN (0x4)
                0x000000000800094c                PROVIDE (__preinit_array_start = .)
 *(.preinit_array*)
                0x000000000800094c                PROVIDE (__preinit_array_end = .)
                0x000000000800094c                . = ALIGN (0x4)

.init_array     0x000000000800094c        0x4
                0x000000000800094c                . = ALIGN (0x4)
                0x000000000800094c                PROVIDE (__init_array_start = .)
 *(SORT_BY_NAME(.init_array.*))
 *(.init_array*)
 .init_array    0x000000000800094c        0x4 /home/mutharasu/Documents/STM/arm_compiler/gcc-arm-none-eabi-10.3-2021.10/bin/../lib/gcc/arm-none-eabi/10.3.1/thumb/v7e-m+fp/hard/crtbegin.o
                0x0000000008000950                PROVIDE (__init_array_end = .)
                0x0000000008000950                . = ALIGN (0x4)

.fini_array     0x0000000008000950        0x4
                0x0000000008000950                . = ALIGN (0x4)
                [!provide]                        PROVIDE (__fini_array_start = .)
 *(SORT_BY_NAME(.fini_array.*))
 *(.fini_array*)
 .fini_array    0x0000000008000950        0x4 /home/mutharasu/Documents/STM/arm_compiler/gcc-arm-none-eabi-10.3-2021.10/bin/../lib/gcc/arm-none-eabi/10.3.1/thumb/v7e-m+fp/hard/crtbegin.o
                [!provide]                        PROVIDE (__fini_array_end = .)
                0x0000000008000954                . = ALIGN (0x4)
                0x0000000008000954                _sidata = LOADADDR (.data)

.data           0x0000000020000000        0x0 load address 0x0000000008000954
                0x0000000020000000                . = ALIGN (0x4)
                0x0000000020000000                _sdata = .
 *(.data)
 *(.data*)
 *(.RamFunc)
 *(.RamFunc*)
                0x0000000020000000                . = ALIGN (0x4)
                0x0000000020000000                _edata = .

.igot.plt       0x0000000020000000        0x0 load address 0x0000000008000954
 .igot.plt      0x0000000020000000        0x0 /home/mutharasu/Documents/STM/arm_compiler/gcc-arm-none-eabi-10.3-2021.10/bin/../lib/gcc/arm-none-eabi/10.3.1/thumb/v7e-m+fp/hard/crtbegin.o
                0x0000000020000000                . = ALIGN (0x4)

.bss            0x0000000020000000       0x1c load address 0x0000000008000954
                0x0000000020000000                _sbss = .
                0x0000000020000000                __bss_start__ = _sbss
 *(.bss)
 .bss           0x0000000020000000       0x1c /home/mutharasu/Documents/STM/arm_compiler/gcc-arm-none-eabi-10.3-2021.10/bin/../lib/gcc/arm-none-eabi/10.3.1/thumb/v7e-m+fp/hard/crtbegin.o
 *(.bss*)
 *(COMMON)
                0x000000002000001c                . = ALIGN (0x4)
                0x000000002000001c                _ebss = .
                0x000000002000001c                __bss_end__ = _ebss

._user_heap_stack
                0x000000002000001c      0x604 load address 0x0000000008000954
                0x0000000020000020                . = ALIGN (0x8)
 *fill*         0x000000002000001c        0x4 
                [!provide]                        PROVIDE (end = .)
                [!provide]                        PROVIDE (_end = .)
                0x0000000020000220                . = (. + _Min_Heap_Size)
 *fill*         0x0000000020000020      0x200 
                0x0000000020000620                . = (. + _Min_Stack_Size)
 *fill*         0x0000000020000220      0x400 
                0x0000000020000620                . = ALIGN (0x8)

/DISCARD/
 libc.a(*)
 libm.a(*)
 libgcc.a(*)

.ARM.attributes
                0x0000000000000000       0x30
 *(.ARM.attributes)
 .ARM.attributes
                0x0000000000000000       0x1e /home/mutharasu/Documents/STM/arm_compiler/gcc-arm-none-eabi-10.3-2021.10/bin/../lib/gcc/arm-none-eabi/10.3.1/thumb/v7e-m+fp/hard/crti.o
 .ARM.attributes
                0x000000000000001e       0x34 /home/mutharasu/Documents/STM/arm_compiler/gcc-arm-none-eabi-10.3-2021.10/bin/../lib/gcc/arm-none-eabi/10.3.1/thumb/v7e-m+fp/hard/crtbegin.o
 .ARM.attributes
                0x0000000000000052       0x34 /home/mutharasu/Documents/STM/arm_compiler/gcc-arm-none-eabi-10.3-2021.10/bin/../lib/gcc/arm-none-eabi/10.3.1/../../../../arm-none-eabi/lib/thumb/v7e-m+fp/hard/libc_nano.a(lib_a-init.o)
 .ARM.attributes
                0x0000000000000086       0x21 /tmp/ccMfZ7YG.o
 .ARM.attributes
                0x00000000000000a7       0x34 /tmp/ccybz6Sw.o
 .ARM.attributes
                0x00000000000000db       0x1e /home/mutharasu/Documents/STM/arm_compiler/gcc-arm-none-eabi-10.3-2021.10/bin/../lib/gcc/arm-none-eabi/10.3.1/thumb/v7e-m+fp/hard/crtn.o
OUTPUT(stm32f401ccux.elf elf32-littlearm)
LOAD linker stubs
LOAD /home/mutharasu/Documents/STM/arm_compiler/gcc-arm-none-eabi-10.3-2021.10/bin/../lib/gcc/arm-none-eabi/10.3.1/../../../../arm-none-eabi/lib/thumb/v7e-m+fp/hard/libc.a
LOAD /home/mutharasu/Documents/STM/arm_compiler/gcc-arm-none-eabi-10.3-2021.10/bin/../lib/gcc/arm-none-eabi/10.3.1/../../../../arm-none-eabi/lib/thumb/v7e-m+fp/hard/libm.a
LOAD /home/mutharasu/Documents/STM/arm_compiler/gcc-arm-none-eabi-10.3-2021.10/bin/../lib/gcc/arm-none-eabi/10.3.1/thumb/v7e-m+fp/hard/libgcc.a

.debug_frame    0x0000000000000000      0x1b8
 .debug_frame   0x0000000000000000       0x2c /home/mutharasu/Documents/STM/arm_compiler/gcc-arm-none-eabi-10.3-2021.10/bin/../lib/gcc/arm-none-eabi/10.3.1/../../../../arm-none-eabi/lib/thumb/v7e-m+fp/hard/libc_nano.a(lib_a-init.o)
 .debug_frame   0x000000000000002c      0x18c /tmp/ccybz6Sw.o

.debug_line     0x0000000000000000      0x350
 .debug_line    0x0000000000000000       0x77 /tmp/ccMfZ7YG.o
 .debug_line    0x0000000000000077      0x2d9 /tmp/ccybz6Sw.o

.debug_info     0x0000000000000000      0x1f5
 .debug_info    0x0000000000000000       0x22 /tmp/ccMfZ7YG.o
 .debug_info    0x0000000000000022      0x1d3 /tmp/ccybz6Sw.o

.debug_abbrev   0x0000000000000000      0x174
 .debug_abbrev  0x0000000000000000       0x12 /tmp/ccMfZ7YG.o
 .debug_abbrev  0x0000000000000012      0x162 /tmp/ccybz6Sw.o

.debug_aranges  0x0000000000000000       0x48
 .debug_aranges
                0x0000000000000000       0x28 /tmp/ccMfZ7YG.o
 .debug_aranges
                0x0000000000000028       0x20 /tmp/ccybz6Sw.o

.debug_str      0x0000000000000000      0x17b
 .debug_str     0x0000000000000000       0x54 /tmp/ccMfZ7YG.o
 .debug_str     0x0000000000000054      0x127 /tmp/ccybz6Sw.o
                                        0x15a (size before relaxing)

.debug_ranges   0x0000000000000000       0x20
 .debug_ranges  0x0000000000000000       0x20 /tmp/ccMfZ7YG.o

.comment        0x0000000000000000       0x49
 .comment       0x0000000000000000       0x49 /tmp/ccybz6Sw.o
                                         0x4a (size before relaxing)
